/Users/mergen/ws/lychee/src/main/java/com/bugever/lychee/web/servlet/modeling/PhysicalTables.java
/Users/mergen/ws/lychee/src/main/java/com/bugever/loong/TryClickhouse.java
/Users/mergen/ws/lychee/src/main/java/com/bugever/lychee/web/servlet/system/DataSource.java
/Users/mergen/ws/lychee/src/main/java/com/bugever/lychee/domain/Job.java
/Users/mergen/ws/lychee/src/main/java/com/bugever/loong/Query.java
/Users/mergen/ws/lychee/src/main/java/com/bugever/lychee/web/servlet/processing/Batch.java
/Users/mergen/ws/lychee/src/main/java/com/bugever/lychee/domain/DataSourceParam.java
/Users/mergen/ws/lychee/src/main/java/com/bugever/lychee/util/ParameterizedQuery.java
/Users/mergen/ws/lychee/src/main/java/com/bugever/loong/TryMySQLSSL.java
/Users/mergen/ws/lychee/src/main/java/com/bugever/loong/TryImpala.java
/Users/mergen/ws/lychee/src/main/java/com/bugever/lychee/domain/Snippet.java
/Users/mergen/ws/lychee/src/main/java/com/bugever/lychee/web/servlet/processing/Job.java
/Users/mergen/ws/lychee/src/main/java/com/bugever/lychee/web/servlet/processing/FlowSaving.java
/Users/mergen/ws/lychee/src/main/java/com/bugever/lychee/web/servlet/processing/Batches.java
/Users/mergen/ws/lychee/src/main/java/com/bugever/lychee/domain/Identity.java
/Users/mergen/ws/lychee/src/main/java/com/bugever/loong/TryHiveTest.java
/Users/mergen/ws/lychee/src/main/java/com/bugever/lychee/domain/LogicalTable.java
/Users/mergen/ws/lychee/src/main/java/com/bugever/lychee/web/servlet/modeling/ParseDdlAndInitLogicalTables.java
/Users/mergen/ws/lychee/src/main/java/com/bugever/lychee/web/servlet/modeling/Identities.java
/Users/mergen/ws/lychee/src/main/java/com/bugever/lychee/domain/Metrics.java
/Users/mergen/ws/lychee/src/main/java/com/bugever/lychee/domain/PhysicalTable.java
/Users/mergen/ws/lychee/src/main/java/com/bugever/lychee/domain/Migration.java
/Users/mergen/ws/lychee/src/main/java/com/bugever/lychee/database/engine/Engine.java
/Users/mergen/ws/lychee/src/main/java/com/bugever/lychee/web/servlet/processing/JobSaving.java
/Users/mergen/ws/lychee/src/main/java/com/bugever/lychee/web/servlet/modeling/Dimensions.java
/Users/mergen/ws/lychee/src/main/java/com/bugever/lychee/domain/DAG.java
/Users/mergen/ws/lychee/src/main/java/com/bugever/lychee/web/servlet/modeling/LogicalTables.java
/Users/mergen/ws/lychee/src/main/java/com/bugever/lychee/web/servlet/processing/Flow.java
/Users/mergen/ws/lychee/src/main/java/com/bugever/lychee/domain/Dimension.java
/Users/mergen/ws/lychee/src/main/java/com/bugever/lychee/web/servlet/processing/Jobs.java
/Users/mergen/ws/lychee/src/main/java/com/bugever/lychee/web/servlet/processing/LoadSnippet.java
/Users/mergen/ws/lychee/src/main/java/com/bugever/loong/TryHive.java
/Users/mergen/ws/lychee/src/main/java/com/bugever/lychee/domain/LogicalTableColumn.java
/Users/mergen/ws/lychee/src/main/java/com/bugever/lychee/database/engine/MySQLEngine.java
/Users/mergen/ws/lychee/src/main/java/com/bugever/lychee/domain/Flow.java
/Users/mergen/ws/lychee/src/main/java/com/bugever/lychee/web/servlet/system/DataSources.java
/Users/mergen/ws/lychee/src/main/java/com/bugever/lychee/util/ConfigUtil.java
/Users/mergen/ws/lychee/src/main/java/com/bugever/lychee/web/servlet/modeling/LogicalTable.java
/Users/mergen/ws/lychee/src/main/java/com/bugever/lychee/database/engine/SQLiteEngine.java
/Users/mergen/ws/lychee/src/main/java/com/bugever/lychee/web/servlet/modeling/PhysicalTable.java
/Users/mergen/ws/lychee/src/main/java/com/bugever/lychee/web/servlet/modeling/LogicalTablesSaving.java
/Users/mergen/ws/lychee/src/main/java/com/bugever/lychee/web/servlet/modeling/Identity.java
/Users/mergen/ws/lychee/src/main/java/com/bugever/lychee/web/servlet/modeling/MetricsList.java
/Users/mergen/ws/lychee/src/main/java/com/bugever/lychee/domain/JobInstance.java
/Users/mergen/ws/lychee/src/main/java/com/bugever/lychee/web/servlet/system/Migrations.java
/Users/mergen/ws/lychee/src/main/java/com/bugever/lychee/domain/Batch.java
/Users/mergen/ws/lychee/src/main/java/com/bugever/lychee/domain/DataSource.java
/Users/mergen/ws/lychee/src/main/java/com/bugever/lychee/web/servlet/modeling/Dimension.java
/Users/mergen/ws/lychee/src/main/java/com/bugever/lychee/web/servlet/modeling/Metrics.java
/Users/mergen/ws/lychee/src/main/java/com/bugever/lychee/web/WebServer.java
/Users/mergen/ws/lychee/src/main/java/com/bugever/visa/CurrentUser.java
/Users/mergen/ws/lychee/src/main/java/com/bugever/lychee/database/Database.java
/Users/mergen/ws/lychee/src/main/java/com/bugever/lychee/web/servlet/processing/Flows.java
/Users/mergen/ws/lychee/src/main/java/com/bugever/lychee/web/servlet/Helper.java
/Users/mergen/ws/lychee/src/main/java/com/bugever/lychee/web/servlet/ServletHandler.java
/Users/mergen/ws/lychee/src/main/java/com/bugever/lychee/web/servlet/processing/ExecuteSnippet.java
/Users/mergen/ws/lychee/src/main/java/com/bugever/lychee/domain/JobDependency.java
